OpenSTA 2.0.17 GITDIR-NOT Copyright (c) 2019, Parallax Software, Inc.
License GPLv3: GNU GPL version 3 <http://gnu.org/licenses/gpl.html>

This is free software, and you are free to change and redistribute it
under certain conditions; type `show_copying' for details. 
This program comes with ABSOLUTELY NO WARRANTY; for details type `show_warranty'.
Warning: /home/sasha/.volare/volare/sky130/versions/0fe599b2afb6708d281543108caf8310912f54af/sky130B/libs.ref/sky130_fd_sc_hd/lib/sky130_fd_sc_hd__tt_025C_1v80.lib, line 31 default_operating_condition tt_025C_1v80 not found.
Warning: counter.sdc, 12 set_input_delay relative to a clock defined on the same port/pin not allowed.

Startpoint: reset (input port clocked by clk)
Endpoint: _042_ (recovery check against rising-edge clock clk)
Path Group: **async_default**
Path Type: max

  Delay    Time   Description
---------------------------------------------------------
   0.00     0.00   clock clk (rise edge)
   0.00     0.00   clock network delay (ideal)
   2.00     2.00 ^ input external delay
   0.00     2.00 ^ reset (in)
   0.00     2.00 ^ _042_/RESET_B (sky130_fd_sc_hd__dfstp_1)
            2.00   data arrival time

  20.00    20.00   clock clk (rise edge)
   0.00    20.00   clock network delay (ideal)
   0.00    20.00   clock reconvergence pessimism
           20.00 ^ _042_/CLK (sky130_fd_sc_hd__dfstp_1)
   0.15    20.15   library recovery time
           20.15   data required time
---------------------------------------------------------
           20.15   data required time
          -2.00   data arrival time
---------------------------------------------------------
           18.15   slack (MET)


Startpoint: _054_ (rising edge-triggered flip-flop clocked by clk)
Endpoint: _068_ (rising edge-triggered flip-flop clocked by clk)
Path Group: clk
Path Type: max

  Delay    Time   Description
---------------------------------------------------------
   0.00     0.00   clock clk (rise edge)
   0.00     0.00   clock network delay (ideal)
   0.00     0.00 ^ _054_/CLK (sky130_fd_sc_hd__dfstp_1)
   0.45     0.45 ^ _054_/Q (sky130_fd_sc_hd__dfstp_1)
   0.32     0.77 v _112_/Y (sky130_fd_sc_hd__and3_1)
   0.42     1.19 ^ _115_/Y (sky130_fd_sc_hd__or2_1)
   0.34     1.53 v _121_/X (sky130_fd_sc_hd__mux2_1)
   0.00     1.53 v _068_/D (sky130_fd_sc_hd__dfstp_1)
            1.53   data arrival time

  20.00    20.00   clock clk (rise edge)
   0.00    20.00   clock network delay (ideal)
   0.00    20.00   clock reconvergence pessimism
           20.00 ^ _068_/CLK (sky130_fd_sc_hd__dfstp_1)
  -0.13    19.87   library setup time
           19.87   data required time
---------------------------------------------------------
           19.87   data required time
          -1.53   data arrival time
---------------------------------------------------------
           18.34   slack (MET)


Startpoint: _038_ (rising edge-triggered flip-flop clocked by clk)
Endpoint: _038_ (rising edge-triggered flip-flop clocked by clk)
Path Group: clk
Path Type: min

  Delay    Time   Description
---------------------------------------------------------
   0.00     0.00   clock clk (rise edge)
   0.00     0.00   clock network delay (ideal)
   0.00     0.00 ^ _038_/CLK (sky130_fd_sc_hd__dfstp_1)
   0.28     0.28 ^ _038_/Q (sky130_fd_sc_hd__dfstp_1)
   0.05     0.33 v _092_/Y (sky130_fd_sc_hd__clkinv_1)
   0.00     0.33 v _038_/D (sky130_fd_sc_hd__dfstp_1)
            0.33   data arrival time

   0.00     0.00   clock clk (rise edge)
   0.00     0.00   clock network delay (ideal)
   0.00     0.00   clock reconvergence pessimism
           0.00 ^ _038_/CLK (sky130_fd_sc_hd__dfstp_1)
  -0.04    -0.04   library hold time
           -0.04   data required time
---------------------------------------------------------
          -0.04   data required time
          -0.33   data arrival time
---------------------------------------------------------
            0.37   slack (MET)


Startpoint: _060_ (rising edge-triggered flip-flop clocked by clk)
Endpoint: _061_ (rising edge-triggered flip-flop clocked by clk)
Path Group: clk
Path Type: min

  Delay    Time   Description
---------------------------------------------------------
   0.00     0.00   clock clk (rise edge)
   0.00     0.00   clock network delay (ideal)
   0.00     0.00 ^ _060_/CLK (sky130_fd_sc_hd__dfstp_1)
   0.26     0.26 ^ _060_/Q (sky130_fd_sc_hd__dfstp_1)
   0.06     0.32 v _101_/Y (sky130_fd_sc_hd__and2_0)
   0.00     0.32 v _061_/D (sky130_fd_sc_hd__dfstp_1)
            0.32   data arrival time

   0.00     0.00   clock clk (rise edge)
   0.00     0.00   clock network delay (ideal)
   0.00     0.00   clock reconvergence pessimism
           0.00 ^ _061_/CLK (sky130_fd_sc_hd__dfstp_1)
  -0.05    -0.05   library hold time
           -0.05   data required time
---------------------------------------------------------
          -0.05   data required time
          -0.32   data arrival time
---------------------------------------------------------
            0.31   slack (MET)

tns 0.00
wns 0.00

